============================= test session starts ==============================
platform linux -- Python 3.13.12, pytest-9.0.3, pluggy-1.5.0
rootdir: /home/potato/Downloads/githup/PureFrame(antigravity)
configfile: pyproject.toml
plugins: anyio-4.10.0
collected 1 item

tests/test_e2e.py F                                                      [100%]

=================================== FAILURES ===================================
______________________________ test_pipeline_e2e _______________________________

synthetic_video = PosixPath('/home/potato/Downloads/githup/PureFrame(antigravity)/tests/fixtures/synthetic_explicit.mp4')
tmp_path = PosixPath('/tmp/pytest-of-potato/pytest-7/test_pipeline_e2e0')
monkeypatch = <_pytest.monkeypatch.MonkeyPatch object at 0x774d38f635c0>

    def test_pipeline_e2e(synthetic_video, tmp_path, monkeypatch):
        out_path = tmp_path / "output.mp4"
    
        # We must mock NudityDetector to actually detect our synthetic ellipse
        # since real NudeNet won't trigger on a grey video with a pink ellipse.
        from pureframe.pipeline.detect.nudity import NudityDetector, Detection
        import pureframe.cli
        from pureframe.hardware import ProfileSettings, HardwareProfile
    
        # Patch settings so we sample enough frames to definitely hit 100-250
        original_get_settings = pureframe.cli.get_settings
        def mocked_get_settings(profile):
            s = original_get_settings(profile)
            s.sample_keyframes_per_shot = 10
            return s
        monkeypatch.setattr(pureframe.cli, "get_settings", mocked_get_settings)
    
        original_detect_batch = NudityDetector.detect_batch
    
        def mocked_detect_batch(self, frames_bgr):
            batch_res = []
            for frame in frames_bgr:
                # Reconstruct dimensions to check if it has the shape.
                h, w = frame.shape[:2]
                # Since the frame might be downscaled, we just check the center pixel relative to its size
                # Original was 1280x720, ellipse at 300, 250
                px_x = int(300 * w / 1280)
                px_y = int(250 * h / 720)
    
                pixel = frame[px_y, px_x]
                # If it's not grey, it has the ellipse
                if not np.allclose(pixel, [128, 128, 128], atol=20):
                    # We want a box that covers roughly (200, 150) to (400, 350) in original 1280x720 space
                    bx1 = int(200 * w / 1280)
                    by1 = int(150 * h / 720)
                    bx2 = int(400 * w / 1280)
                    by2 = int(350 * h / 720)
                    batch_res.append([Detection(label="FEMALE_BREAST_EXPOSED", score=0.99, box=(bx1, by1, bx2, by2))])
                else:
                    batch_res.append([])
            return batch_res
    
        monkeypatch.setattr(NudityDetector, "detect_batch", mocked_detect_batch)
    
        from pureframe.cli import process_file
        from pureframe.config import Config
    
        config = Config.from_cli(
            input_path=synthetic_video,
            output_path=out_path,
            profile=HardwareProfile.CPU,
            nudity_threshold=0.5,
            strict=False,
            no_clip=False,
            no_audio=False,
            log_level="DEBUG"
        )
>       process_file(config)

tests/test_e2e.py:81: 
_ _ _ _ _ _ _ _ _ _ _ _ _ _ _ _ _ _ _ _ _ _ _ _ _ _ _ _ _ _ _ _ _ _ _ _ _ _ _ _ 
pureframe/cli.py:159: in process_file
    store.save_verdict(job.id, verdict)
pureframe/checkpoint.py:87: in save_verdict
    """, (job_id, verdict.index, verdict.model_dump_json()))
                  ^^^^^^^^^^^^^
_ _ _ _ _ _ _ _ _ _ _ _ _ _ _ _ _ _ _ _ _ _ _ _ _ _ _ _ _ _ _ _ _ _ _ _ _ _ _ _ 

self = ShotVerdict(shot_index=0, category=<Category.NUDITY_EXPLICIT: 'NUDITY_EXPLICIT'>, action=<Action.BLACK_BOX: 'BLACK_BOX... 159, 140)], 249: [(66, 47, 159, 140)], 250: [(66, 47, 159, 140)]}, reasoning='Explicit nudity detected (score: 0.99)')
item = 'index'

    def __getattr__(self, item: str) -> Any:
        private_attributes = object.__getattribute__(self, '__private_attributes__')
        if item in private_attributes:
            attribute = private_attributes[item]
            if hasattr(attribute, '__get__'):
                return attribute.__get__(self, type(self))  # type: ignore
    
            try:
                # Note: self.__pydantic_private__ cannot be None if self.__private_attributes__ has items
                return self.__pydantic_private__[item]  # type: ignore
            except KeyError as exc:
                raise AttributeError(f'{type(self).__name__!r} object has no attribute {item!r}') from exc
        else:
            # `__pydantic_extra__` can fail to be set if the model is not yet fully initialized.
            # See `BaseModel.__repr_args__` for more details
            try:
                pydantic_extra = object.__getattribute__(self, '__pydantic_extra__')
            except AttributeError:
                pydantic_extra = None
    
            if pydantic_extra and item in pydantic_extra:
                return pydantic_extra[item]
            else:
                if hasattr(self.__class__, item):
                    return super().__getattribute__(item)  # Raises AttributeError if appropriate
                else:
                    # this is the current error
>                   raise AttributeError(f'{type(self).__name__!r} object has no attribute {item!r}')
E                   AttributeError: 'ShotVerdict' object has no attribute 'index'

../../../miniconda3/lib/python3.13/site-packages/pydantic/main.py:1026: AttributeError
----------------------------- Captured stdout call -----------------------------
PureFrame v0.2.0
Job ID: 1
Profile: CPU
Input: 
/home/potato/Downloads/githup/PureFrame(antigravity)/tests/fixtures/synthetic_ex
plicit.mp4
Output: /tmp/pytest-of-potato/pytest-7/test_pipeline_e2e0/output.mp4

Detected 1 shots.
Checkpoint path: /home/potato/panns_data/Cnn14_DecisionLevelMax.pth
Using CPU.
⠏ Analyzing                                             0% -:--:--
------------------------------ Captured log call -------------------------------
INFO     pyscenedetect:scene_manager.py:1335 Detecting scenes...
=============================== warnings summary ===============================
tests/test_e2e.py::test_pipeline_e2e
  /home/potato/miniconda3/lib/python3.13/site-packages/audioread/rawread.py:16: DeprecationWarning: aifc was removed in Python 3.13. Please be aware that you are currently NOT using standard 'aifc', but instead a separately installed 'standard-aifc'.
    import aifc

tests/test_e2e.py::test_pipeline_e2e
  /home/potato/miniconda3/lib/python3.13/site-packages/audioread/rawread.py:19: DeprecationWarning: sunau was removed in Python 3.13. Please be aware that you are currently NOT using standard 'sunau', but instead a separately installed 'standard-sunau'.
    import sunau

-- Docs: https://docs.pytest.org/en/stable/how-to/capture-warnings.html
=========================== short test summary info ============================
FAILED tests/test_e2e.py::test_pipeline_e2e - AttributeError: 'ShotVerdict' o...
======================== 1 failed, 2 warnings in 7.44s =========================
